
===========================================================================
report_checks -unconstrained
============================================================================
Startpoint: io_in[0] (input port clocked by user_clock2)
Endpoint: plant_example_1/io_in[0] (internal pin)
Path Group: (none)
Path Type: max

Fanout     Cap    Slew   Delay    Time   Description
-----------------------------------------------------------------------------
                         10.00   10.00 ^ input external delay
                  0.05    0.00   10.00 ^ io_in[0] (in)
     1    0.00                           io_in[0] (net)
                  0.05    0.00   10.00 ^ plant_example_1/io_in[0] (plant_example)
                                 10.00   data arrival time
-----------------------------------------------------------------------------
(Path is unconstrained)



===========================================================================
report_checks --slack_max -0.01
============================================================================
No paths found.
