
20. Printing statistics.

=== plant_example ===

   Number of wires:                 77
   Number of wire bits:            191
   Number of public wires:          19
   Number of public wire bits:     133
   Number of memories:               0
   Number of memory bits:            0
   Number of processes:              0
   Number of cells:                146
     gf180mcu_fd_sc_mcu7t5v0__and2_1      3
     gf180mcu_fd_sc_mcu7t5v0__and3_1      2
     gf180mcu_fd_sc_mcu7t5v0__and4_1      4
     gf180mcu_fd_sc_mcu7t5v0__aoi21_1      6
     gf180mcu_fd_sc_mcu7t5v0__aoi22_1      2
     gf180mcu_fd_sc_mcu7t5v0__buf_1      6
     gf180mcu_fd_sc_mcu7t5v0__clkinv_1      6
     gf180mcu_fd_sc_mcu7t5v0__dffq_1      6
     gf180mcu_fd_sc_mcu7t5v0__inv_1      2
     gf180mcu_fd_sc_mcu7t5v0__mux2_2      1
     gf180mcu_fd_sc_mcu7t5v0__nand2_1     12
     gf180mcu_fd_sc_mcu7t5v0__nand3_1      3
     gf180mcu_fd_sc_mcu7t5v0__nand4_1      1
     gf180mcu_fd_sc_mcu7t5v0__nor2_1      6
     gf180mcu_fd_sc_mcu7t5v0__nor3_1      1
     gf180mcu_fd_sc_mcu7t5v0__nor4_1      3
     gf180mcu_fd_sc_mcu7t5v0__oai211_1      1
     gf180mcu_fd_sc_mcu7t5v0__oai21_1      5
     gf180mcu_fd_sc_mcu7t5v0__or2_1      2
     gf180mcu_fd_sc_mcu7t5v0__or3_1      1
     gf180mcu_fd_sc_mcu7t5v0__tiel     73

   Chip area for module '\plant_example': 2070.073600

